[2019-06-02T04:05:59.808+0000][13141][gc] Using Concurrent Mark Sweep
[2019-06-02T04:05:59.808+0000][13141][gc,heap,coops] Heap address: 0x00000000c0000000, size: 1024 MB, Compressed Oops mode: 32-bit
[2019-06-02T04:05:59.857+0000][13141][safepoint    ] Entering safepoint region: EnableBiasedLocking
[2019-06-02T04:05:59.857+0000][13141][safepoint    ] Leaving safepoint region
[2019-06-02T04:05:59.857+0000][13141][safepoint    ] Total time for which application threads were stopped: 0.0001057 seconds, Stopping threads took: 0.0000413 seconds
[2019-06-02T04:05:59.861+0000][13141][safepoint    ] Application time: 0.0034549 seconds
[2019-06-02T04:05:59.861+0000][13141][safepoint    ] Entering safepoint region: RevokeBias
[2019-06-02T04:05:59.861+0000][13141][safepoint    ] Leaving safepoint region
[2019-06-02T04:05:59.861+0000][13141][safepoint    ] Total time for which application threads were stopped: 0.0000701 seconds, Stopping threads took: 0.0000241 seconds
[2019-06-02T04:05:59.868+0000][13141][safepoint    ] Application time: 0.0075954 seconds
[2019-06-02T04:05:59.869+0000][13141][safepoint    ] Entering safepoint region: Deoptimize
[2019-06-02T04:05:59.869+0000][13141][safepoint    ] Leaving safepoint region
[2019-06-02T04:05:59.869+0000][13141][safepoint    ] Total time for which application threads were stopped: 0.0000439 seconds, Stopping threads took: 0.0000067 seconds
[2019-06-02T04:06:00.136+0000][13141][safepoint    ] Application time: 0.2675603 seconds
[2019-06-02T04:06:00.136+0000][13141][safepoint    ] Entering safepoint region: RevokeBias
[2019-06-02T04:06:00.136+0000][13141][safepoint    ] Leaving safepoint region
[2019-06-02T04:06:00.136+0000][13141][safepoint    ] Total time for which application threads were stopped: 0.0001481 seconds, Stopping threads took: 0.0000755 seconds
[2019-06-02T04:06:00.155+0000][13141][safepoint    ] Application time: 0.0191388 seconds
[2019-06-02T04:06:00.155+0000][13141][safepoint    ] Entering safepoint region: Deoptimize
[2019-06-02T04:06:00.156+0000][13141][safepoint    ] Leaving safepoint region
[2019-06-02T04:06:00.156+0000][13141][safepoint    ] Total time for which application threads were stopped: 0.0000650 seconds, Stopping threads took: 0.0000079 seconds
[2019-06-02T04:06:00.327+0000][13141][safepoint    ] Application time: 0.1712187 seconds
[2019-06-02T04:06:00.327+0000][13141][safepoint    ] Entering safepoint region: Deoptimize
[2019-06-02T04:06:00.327+0000][13141][safepoint    ] Leaving safepoint region
[2019-06-02T04:06:00.327+0000][13141][safepoint    ] Total time for which application threads were stopped: 0.0000839 seconds, Stopping threads took: 0.0000164 seconds
[2019-06-02T04:06:01.411+0000][13141][safepoint    ] Application time: 1.0843786 seconds
[2019-06-02T04:06:01.411+0000][13141][safepoint    ] Entering safepoint region: Cleanup
[2019-06-02T04:06:01.411+0000][13141][safepoint    ] Leaving safepoint region
[2019-06-02T04:06:01.411+0000][13141][safepoint    ] Total time for which application threads were stopped: 0.0001980 seconds, Stopping threads took: 0.0001190 seconds
[2019-06-02T04:06:01.718+0000][13141][safepoint    ] Application time: 0.3061323 seconds
[2019-06-02T04:06:01.718+0000][13141][safepoint    ] Entering safepoint region: Deoptimize
[2019-06-02T04:06:01.718+0000][13141][safepoint    ] Leaving safepoint region
[2019-06-02T04:06:01.718+0000][13141][safepoint    ] Total time for which application threads were stopped: 0.0001507 seconds, Stopping threads took: 0.0000077 seconds
[2019-06-02T04:06:01.964+0000][13141][safepoint    ] Application time: 0.2457429 seconds
[2019-06-02T04:06:01.964+0000][13141][safepoint    ] Entering safepoint region: RevokeBias
[2019-06-02T04:06:01.964+0000][13141][safepoint    ] Leaving safepoint region
[2019-06-02T04:06:01.964+0000][13141][safepoint    ] Total time for which application threads were stopped: 0.0001335 seconds, Stopping threads took: 0.0000099 seconds
[2019-06-02T04:06:02.214+0000][13141][gc,heap,exit ] Heap
[2019-06-02T04:06:02.214+0000][13141][gc,heap,exit ]  par new generation   total 153344K, used 49283K [0x00000000c0000000, 0x00000000ca660000, 0x00000000ca660000)
[2019-06-02T04:06:02.214+0000][13141][gc,heap,exit ]   eden space 136320K,  36% used [0x00000000c0000000, 0x00000000c3020c30, 0x00000000c8520000)
[2019-06-02T04:06:02.214+0000][13141][gc,heap,exit ]   from space 17024K,   0% used [0x00000000c8520000, 0x00000000c8520000, 0x00000000c95c0000)
[2019-06-02T04:06:02.214+0000][13141][gc,heap,exit ]   to   space 17024K,   0% used [0x00000000c95c0000, 0x00000000c95c0000, 0x00000000ca660000)
[2019-06-02T04:06:02.214+0000][13141][gc,heap,exit ]  concurrent mark-sweep generation total 878208K, used 0K [0x00000000ca660000, 0x0000000100000000, 0x0000000100000000)
[2019-06-02T04:06:02.214+0000][13141][gc,heap,exit ]  Metaspace       used 8899K, capacity 10490K, committed 10752K, reserved 1058816K
[2019-06-02T04:06:02.214+0000][13141][gc,heap,exit ]   class space    used 1196K, capacity 1456K, committed 1536K, reserved 1048576K
[2019-06-02T04:06:02.214+0000][13141][safepoint    ] Application time: 0.2504935 seconds
[2019-06-02T04:06:02.214+0000][13141][safepoint    ] Entering safepoint region: Halt
