[2019-06-02T05:37:03.572+0000][3320][gc] Using Concurrent Mark Sweep
[2019-06-02T05:37:03.572+0000][3320][gc,heap,coops] Heap address: 0x00000000c0000000, size: 1024 MB, Compressed Oops mode: 32-bit
[2019-06-02T05:37:03.722+0000][3320][safepoint    ] Entering safepoint region: EnableBiasedLocking
[2019-06-02T05:37:03.722+0000][3320][safepoint    ] Leaving safepoint region
[2019-06-02T05:37:03.722+0000][3320][safepoint    ] Total time for which application threads were stopped: 0.0000834 seconds, Stopping threads took: 0.0000361 seconds
[2019-06-02T05:37:03.726+0000][3320][safepoint    ] Application time: 0.0033150 seconds
[2019-06-02T05:37:03.726+0000][3320][safepoint    ] Entering safepoint region: RevokeBias
[2019-06-02T05:37:03.726+0000][3320][safepoint    ] Leaving safepoint region
[2019-06-02T05:37:03.726+0000][3320][safepoint    ] Total time for which application threads were stopped: 0.0000596 seconds, Stopping threads took: 0.0000178 seconds
[2019-06-02T05:37:03.732+0000][3320][safepoint    ] Application time: 0.0063404 seconds
[2019-06-02T05:37:03.733+0000][3320][safepoint    ] Entering safepoint region: Deoptimize
[2019-06-02T05:37:03.733+0000][3320][safepoint    ] Leaving safepoint region
[2019-06-02T05:37:03.733+0000][3320][safepoint    ] Total time for which application threads were stopped: 0.0000444 seconds, Stopping threads took: 0.0000096 seconds
[2019-06-02T05:37:03.981+0000][3320][safepoint    ] Application time: 0.2489123 seconds
[2019-06-02T05:37:03.982+0000][3320][safepoint    ] Entering safepoint region: RevokeBias
[2019-06-02T05:37:03.982+0000][3320][safepoint    ] Leaving safepoint region
[2019-06-02T05:37:03.982+0000][3320][safepoint    ] Total time for which application threads were stopped: 0.0000630 seconds, Stopping threads took: 0.0000074 seconds
[2019-06-02T05:37:04.032+0000][3320][safepoint    ] Application time: 0.0501520 seconds
[2019-06-02T05:37:04.032+0000][3320][safepoint    ] Entering safepoint region: Deoptimize
[2019-06-02T05:37:04.032+0000][3320][safepoint    ] Leaving safepoint region
[2019-06-02T05:37:04.032+0000][3320][safepoint    ] Total time for which application threads were stopped: 0.0000531 seconds, Stopping threads took: 0.0000074 seconds
[2019-06-02T05:37:04.186+0000][3320][safepoint    ] Application time: 0.1540696 seconds
[2019-06-02T05:37:04.186+0000][3320][safepoint    ] Entering safepoint region: Deoptimize
[2019-06-02T05:37:04.186+0000][3320][safepoint    ] Leaving safepoint region
[2019-06-02T05:37:04.186+0000][3320][safepoint    ] Total time for which application threads were stopped: 0.0000755 seconds, Stopping threads took: 0.0000082 seconds
[2019-06-02T05:37:05.186+0000][3320][safepoint    ] Application time: 1.0003789 seconds
[2019-06-02T05:37:05.186+0000][3320][safepoint    ] Entering safepoint region: Cleanup
[2019-06-02T05:37:05.186+0000][3320][safepoint    ] Leaving safepoint region
[2019-06-02T05:37:05.186+0000][3320][safepoint    ] Total time for which application threads were stopped: 0.0000842 seconds, Stopping threads took: 0.0000117 seconds
[2019-06-02T05:37:05.944+0000][3320][safepoint    ] Application time: 0.7577584 seconds
[2019-06-02T05:37:05.944+0000][3320][safepoint    ] Entering safepoint region: Deoptimize
[2019-06-02T05:37:05.944+0000][3320][safepoint    ] Leaving safepoint region
[2019-06-02T05:37:05.944+0000][3320][safepoint    ] Total time for which application threads were stopped: 0.0001633 seconds, Stopping threads took: 0.0000164 seconds
[2019-06-02T05:37:06.191+0000][3320][safepoint    ] Application time: 0.2470028 seconds
[2019-06-02T05:37:06.192+0000][3320][safepoint    ] Entering safepoint region: RevokeBias
[2019-06-02T05:37:06.192+0000][3320][safepoint    ] Leaving safepoint region
[2019-06-02T05:37:06.192+0000][3320][safepoint    ] Total time for which application threads were stopped: 0.0001078 seconds, Stopping threads took: 0.0000212 seconds
[2019-06-02T05:37:06.327+0000][3320][gc,heap,exit ] Heap
[2019-06-02T05:37:06.327+0000][3320][gc,heap,exit ]  par new generation   total 153344K, used 49269K [0x00000000c0000000, 0x00000000ca660000, 0x00000000ca660000)
[2019-06-02T05:37:06.327+0000][3320][gc,heap,exit ]   eden space 136320K,  36% used [0x00000000c0000000, 0x00000000c301d5b8, 0x00000000c8520000)
[2019-06-02T05:37:06.327+0000][3320][gc,heap,exit ]   from space 17024K,   0% used [0x00000000c8520000, 0x00000000c8520000, 0x00000000c95c0000)
[2019-06-02T05:37:06.327+0000][3320][gc,heap,exit ]   to   space 17024K,   0% used [0x00000000c95c0000, 0x00000000c95c0000, 0x00000000ca660000)
[2019-06-02T05:37:06.327+0000][3320][gc,heap,exit ]  concurrent mark-sweep generation total 878208K, used 0K [0x00000000ca660000, 0x0000000100000000, 0x0000000100000000)
[2019-06-02T05:37:06.327+0000][3320][gc,heap,exit ]  Metaspace       used 8950K, capacity 10555K, committed 10752K, reserved 1058816K
[2019-06-02T05:37:06.327+0000][3320][gc,heap,exit ]   class space    used 1198K, capacity 1456K, committed 1536K, reserved 1048576K
[2019-06-02T05:37:06.327+0000][3320][safepoint    ] Application time: 0.1355636 seconds
[2019-06-02T05:37:06.327+0000][3320][safepoint    ] Entering safepoint region: Halt
